// Jest Snapshot v1, https://goo.gl/fbAQLP

exports[`Test the navigator Navigation is rendered 1`] = `<div />`;
